S,A,B
a,b,c
S
S->bA
S->cBB
B->bA
B->cBB
A->bA
A->cBB
