S,A,B,a',b',c',<bc>
a,b,c
S
S->a'<bc>
<bc>->b'c'
b'->b
c'->c
a'->a