S,A,B,a',b',c',<bca>,<ca>
a,b,c
S
S->a'<bca>
<bca>->b'<ca>
<ca>->c'a'
b'->b
c'->c
a'->a